// Jest Snapshot v1, https://goo.gl/fbAQLP

exports[`<ConfirmationDialog /> matches snapshot 1`] = `
<WithStyles(ForwardRef(Dialog))
  aria-labelledby="confirmation-dialog-title"
  disableBackdropClick={true}
  disableEscapeKeyDown={true}
  maxWidth="xs"
  open={true}
>
  <WithStyles(ForwardRef(DialogTitle))
    id="confirmation-dialog-title"
  />
  <WithStyles(ForwardRef(DialogContent))>
    Are you sure?
  </WithStyles(ForwardRef(DialogContent))>
  <WithStyles(ForwardRef(DialogActions))>
    <WithStyles(ForwardRef(Button))
      color="primary"
      onClick={[Function]}
    >
      No
    </WithStyles(ForwardRef(Button))>
    <WithStyles(ForwardRef(Button))
      color="primary"
      onClick={[Function]}
    >
      Yes
    </WithStyles(ForwardRef(Button))>
  </WithStyles(ForwardRef(DialogActions))>
</WithStyles(ForwardRef(Dialog))>
`;
