// Jest Snapshot v1, https://goo.gl/fbAQLP

exports[`<ConfirmationDialog /> matches snapshot 1`] = `
<ForwardRef(Dialog)
  aria-labelledby="confirmation-dialog-title"
  maxWidth="xs"
  onClose={[Function]}
  open={true}
>
  <ForwardRef(DialogTitle)
    id="confirmation-dialog-title"
  />
  <ForwardRef(DialogContent)>
    Are you sure?
  </ForwardRef(DialogContent)>
  <ForwardRef(DialogActions)>
    <ForwardRef(Button)
      color="primary"
      onClick={[Function]}
    >
      No
    </ForwardRef(Button)>
    <ForwardRef(Button)
      color="primary"
      onClick={[Function]}
    >
      Yes
    </ForwardRef(Button)>
  </ForwardRef(DialogActions)>
</ForwardRef(Dialog)>
`;
