// Jest Snapshot v1, https://goo.gl/fbAQLP

exports[`<FilteredNoteList /> matches snapshot 1`] = `
<withRouter(Connect(WithStyles(NoteList)))
  deleteNote={[Function]}
  depth={1}
  history={
    Object {
      "action": "POP",
      "back": [Function],
      "block": [Function],
      "createHref": [Function],
      "forward": [Function],
      "go": [Function],
      "index": 0,
      "listen": [Function],
      "location": Object {
        "hash": "",
        "key": "698s17x9",
        "pathname": "/",
        "search": "",
        "state": null,
      },
      "push": [Function],
      "replace": [Function],
    }
  }
  location={
    Object {
      "hash": "",
      "key": "698s17x9",
      "pathname": "/",
      "search": "",
      "state": null,
    }
  }
  match={
    Object {
      "isExact": true,
      "params": Object {
        "ids": "1",
      },
      "path": "",
      "url": "",
    }
  }
  notes={Map {}}
  parent_note_id={null}
  renderOnly={
    Set {
      1,
    }
  }
  search=""
  updateNote={[Function]}
/>
`;
