// Jest Snapshot v1, https://goo.gl/fbAQLP

exports[`<NoteEditor /> matches snapshot 1`] = `
<BindKeyboard
  callback={[Function]}
  keys="ctrl+s"
>
  <WithStyles(Card)
    classes={
      Object {
        "root": "NoteEditor-editorRoot-1",
      }
    }
  >
    <WithStyles(CardHeader)
      action={
        <WithStyles(IconButton)
          onClick={[Function]}
        >
          <pure(SaveIcon) />
        </WithStyles(IconButton)>
      }
      title={
        <WithStyles(Input)
          classes={
            Object {
              "root": "NoteEditor-titleInput-2",
            }
          }
          onChange={[Function]}
          style={
            Object {
              "fontSize": "inherit",
            }
          }
          value="note title"
        />
      }
    />
    <WithStyles(CardContent)
      classes={
        Object {
          "root": "NoteEditor-editorContent-3",
        }
      }
    >
      <WithStyles(ChipInput)
        classes={Object {}}
        dataSource={
          Array [
            "arc:Delmirev",
            "type:Location",
            "type:Character",
          ]
        }
        fullWidth={true}
        onAdd={[Function]}
        onDelete={[Function]}
        placeholder="Tags"
        value={
          Array [
            "tag1",
          ]
        }
      />
      <t
        exts={
          Array [
            "colorSyntax",
          ]
        }
        height="calc(100% - 40px)"
        initialEditType="wysiwyg"
        initialValue="note body"
        onChange={[Function]}
        usageStatistics={false}
        useCommandShortcut={false}
      />
    </WithStyles(CardContent)>
  </WithStyles(Card)>
</BindKeyboard>
`;

exports[`<NoteEditor /> matches snapshot 2`] = `
<BindKeyboard
  callback={[Function]}
  keys="ctrl+s"
>
  <WithStyles(Card)
    classes={
      Object {
        "root": "NoteEditor-editorRoot-1",
      }
    }
  >
    <WithStyles(CardHeader)
      action={
        <WithStyles(IconButton)
          onClick={[Function]}
        >
          <pure(SaveIcon) />
        </WithStyles(IconButton)>
      }
      title={
        <WithStyles(Input)
          classes={
            Object {
              "root": "NoteEditor-titleInput-2",
            }
          }
          onChange={[Function]}
          style={
            Object {
              "fontSize": "inherit",
            }
          }
          value="note title"
        />
      }
    />
    <WithStyles(CardContent)
      classes={
        Object {
          "root": "NoteEditor-editorContent-3",
        }
      }
    >
      <WithStyles(ChipInput)
        classes={Object {}}
        dataSource={
          Array [
            "arc:Delmirev",
            "type:Location",
            "type:Character",
          ]
        }
        fullWidth={true}
        onAdd={[Function]}
        onDelete={[Function]}
        placeholder="Tags"
        value={
          Array [
            "tag1",
          ]
        }
      />
      <t
        exts={
          Array [
            "colorSyntax",
          ]
        }
        height="calc(100% - 40px)"
        initialEditType="wysiwyg"
        initialValue="note body"
        onChange={[Function]}
        usageStatistics={false}
        useCommandShortcut={false}
      />
    </WithStyles(CardContent)>
  </WithStyles(Card)>
</BindKeyboard>
`;
