// Jest Snapshot v1, https://goo.gl/fbAQLP

exports[`<NoteEditor /> matches snapshot 1`] = `
<BindKeyboard
  callback={[Function]}
  keys="ctrl+s"
>
  <ForwardRef(Card)
    sx={[Function]}
  >
    <ForwardRef(CardHeader)
      action={
        <ForwardRef(IconButton)
          onClick={[Function]}
          size="large"
        >
          <Memo />
        </ForwardRef(IconButton)>
      }
      title={
        <ForwardRef(Input)
          onChange={[Function]}
          style={
            Object {
              "fontSize": "inherit",
            }
          }
          sx={
            Object {
              "width": "100%",
            }
          }
          value="note title"
        />
      }
    />
    <ForwardRef(CardContent)
      sx={
        Object {
          "bottom": 0,
          "left": 0,
          "position": "absolute",
          "right": 0,
          "top": "50px",
        }
      }
    >
      <WithStyles(ChipInput)
        classes={Object {}}
        dataSource={
          Array [
            "arc:Delmirev",
            "type:Location",
            "type:Character",
          ]
        }
        fullWidth={true}
        onAdd={[Function]}
        onDelete={[Function]}
        placeholder="Tags"
        value={
          Array [
            "tag1",
          ]
        }
      />
      <e
        events={
          Object {
            "change": [Function],
          }
        }
        height="calc(100% - 40px)"
        initialEditType="wysiwyg"
        initialValue="note body"
        plugins={
          Array [
            [Function],
          ]
        }
        usageStatistics={false}
        useCommandShortcut={false}
      />
    </ForwardRef(CardContent)>
  </ForwardRef(Card)>
</BindKeyboard>
`;

exports[`<NoteEditor /> matches snapshot 2`] = `
<BindKeyboard
  callback={[Function]}
  keys="ctrl+s"
>
  <ForwardRef(Card)
    sx={[Function]}
  >
    <ForwardRef(CardHeader)
      action={
        <ForwardRef(IconButton)
          onClick={[Function]}
          size="large"
        >
          <Memo />
        </ForwardRef(IconButton)>
      }
      title={
        <ForwardRef(Input)
          onChange={[Function]}
          style={
            Object {
              "fontSize": "inherit",
            }
          }
          sx={
            Object {
              "width": "100%",
            }
          }
          value="note title"
        />
      }
    />
    <ForwardRef(CardContent)
      sx={
        Object {
          "bottom": 0,
          "left": 0,
          "position": "absolute",
          "right": 0,
          "top": "50px",
        }
      }
    >
      <WithStyles(ChipInput)
        classes={Object {}}
        dataSource={
          Array [
            "arc:Delmirev",
            "type:Location",
            "type:Character",
          ]
        }
        fullWidth={true}
        onAdd={[Function]}
        onDelete={[Function]}
        placeholder="Tags"
        value={
          Array [
            "tag1",
          ]
        }
      />
      <e
        events={
          Object {
            "change": [Function],
          }
        }
        height="calc(100% - 40px)"
        initialEditType="wysiwyg"
        initialValue="note body"
        plugins={
          Array [
            [Function],
          ]
        }
        usageStatistics={false}
        useCommandShortcut={false}
      />
    </ForwardRef(CardContent)>
  </ForwardRef(Card)>
</BindKeyboard>
`;
