// Jest Snapshot v1, https://goo.gl/fbAQLP

exports[`data::reducers() matches snapshot 1`] = `
Object {
  "notes": Object {
    "entities": Object {},
    "ids": Array [],
  },
  "ui": Object {
    "inProgress": Array [],
    "lastError": null,
  },
  "user": Object {
    "isSignedIn": false,
    "user": null,
  },
}
`;
