// Jest Snapshot v1, https://goo.gl/fbAQLP

exports[`reducers::user() responds to events 1`] = `
Object {
  "isSignedIn": true,
  "user": Object {
    "created_at": "",
    "email": "test@example.com",
    "id": 1,
    "name": "Test User",
    "updated_at": "",
  },
}
`;

exports[`reducers::user() responds to events 2`] = `
Object {
  "isSignedIn": false,
  "user": null,
}
`;
